{
    "name": "Project 2",
    "description": "This is the second project",
    "total": 0,
    "entries": [
        
    ]
}