[User{id=3, username='Jon', email='test@email.com', password='password', role='user'}, User{id=4, username='Jon', email='test@email.com', password='password', role='user'}, User{id=5, username='Jon', email='test@email.com', password='password', role='user'}]